// 重构日志: d9f80d48
// 重构日志: 092e6a57
// 同步 ID: 5ff5c2e7 @ Fri Jul 10 11:30:33 UTC 2026
// 重构日志: ce30e722
// 同步 ID: e528f2d9 @ Sat Jul 11 14:40:57 UTC 2026
// 同步 ID: 51b5f17d @ Sun Jul 12 07:33:38 UTC 2026
// 重构日志: 5f544cb2
// 同步 ID: 0557384e @ Tue Jul 14 17:11:40 UTC 2026
// 重构日志: acbbcf3b
// 重构日志: 5e78e57a
// 重构日志: 151b3e1f
// 重构日志: ffd19d7c
// 同步 ID: 70faa542 @ Mon Jul 27 13:07:33 UTC 2026
// 重构日志: cc8100fa
// 重构日志: de64c961
// 重构日志: 987a8576
// 重构日志: b7948473
// 重构日志: 17a44bd2
// 重构日志: d36c9fe7
// 重构日志: b9dee21e
// 同步 ID: 9c894009 @ Fri Jul 31 05:31:02 UTC 2026
// 重构日志: 1030219b
// 重构日志: d7f05f43
// 重构日志: 1a7c7b76
// 重构日志: 075369ad
// 重构日志: 5053d130
// 同步 ID: b051b695 @ Sun Aug  2 15:42:21 UTC 2026
// 同步 ID: de9f10f1 @ Sun Aug  2 18:14:31 UTC 2026
// 同步 ID: 59c1d1e0 @ Mon Aug  3 16:59:54 UTC 2026
// 同步 ID: c9a4f070 @ Mon Aug  3 21:01:11 UTC 2026
